**********************************************************************
** Visual Studio 2022 Developer Command Prompt v17.10.3
** Copyright (c) 2022 Microsoft Corporation
**********************************************************************
[vcvarsall.bat] Environment initialized for: 'x64'
repos.cpp
